2026-02-01 21:15:23
Lot ID: 14
Coords: {\"type\":\"polygon\",\"points\":[{\"x\":32.62434514781003,\"y\":41.138433237544824},{\"x\":34.17866448849454,\"y\":41.32058260002206},{\"x\":34.17866448849454,\"y\":44.41712176213499},{\"x\":32.13350746127808,\"y\":44.59927112461222},{\"x\":32.21531374236674,\"y\":42.04918004993098},{\"x\":32.62434514781003,\"y\":41.138433237544824},{\"x\":32.62434514781003,\"y\":41.138433237544824},{\"x\":32.62434514781003,\"y\":41.138433237544824},{\"x\":32.706151428898686,\"y\":41.138433237544824},{\"x\":32.706151428898686,\"y\":41.138433237544824},{\"x\":32.706151428898686,\"y\":41.138433237544824},{\"x\":32.706151428898686,\"y\":41.138433237544824}]}
SQL: UPDATE lots SET coordinates = '{\"type\":\"polygon\",\"points\":[{\"x\":32.62434514781003,\"y\":41.138433237544824},{\"x\":34.17866448849454,\"y\":41.32058260002206},{\"x\":34.17866448849454,\"y\":44.41712176213499},{\"x\":32.13350746127808,\"y\":44.59927112461222},{\"x\":32.21531374236674,\"y\":42.04918004993098},{\"x\":32.62434514781003,\"y\":41.138433237544824},{\"x\":32.62434514781003,\"y\":41.138433237544824},{\"x\":32.62434514781003,\"y\":41.138433237544824},{\"x\":32.706151428898686,\"y\":41.138433237544824},{\"x\":32.706151428898686,\"y\":41.138433237544824},{\"x\":32.706151428898686,\"y\":41.138433237544824},{\"x\":32.706151428898686,\"y\":41.138433237544824}]}' WHERE id = 14
Result: SUCCESS

2026-02-01 21:21:02
Lot ID: 12
Coords: {\"type\":\"rect\",\"x\":0,\"y\":0,\"w\":null,\"h\":null}
SQL: UPDATE lots SET coordinates = '{\"type\":\"rect\",\"x\":0,\"y\":0,\"w\":null,\"h\":null}' WHERE id = 12
Result: SUCCESS

2026-02-01 21:24:15
Lot ID: 12
Coords: {\"type\":\"polygon\",\"points\":[{\"x\":49.00776708571224,\"y\":33.44008232936386},{\"x\":51.38794031167274,\"y\":33.6466938996118},{\"x\":51.268931650374725,\"y\":38.192148445066344},{\"x\":48.88875842441422,\"y\":38.192148445066344},{\"x\":49.00776708571224,\"y\":33.23347075911593},{\"x\":49.12677574701026,\"y\":33.23347075911593},{\"x\":49.12677574701026,\"y\":33.6466938996118},{\"x\":49.12677574701026,\"y\":33.6466938996118},{\"x\":49.12677574701026,\"y\":33.6466938996118},{\"x\":49.12677574701026,\"y\":33.6466938996118},{\"x\":49.12677574701026,\"y\":33.6466938996118}]}
SQL: UPDATE lots SET coordinates = '{\"type\":\"polygon\",\"points\":[{\"x\":49.00776708571224,\"y\":33.44008232936386},{\"x\":51.38794031167274,\"y\":33.6466938996118},{\"x\":51.268931650374725,\"y\":38.192148445066344},{\"x\":48.88875842441422,\"y\":38.192148445066344},{\"x\":49.00776708571224,\"y\":33.23347075911593},{\"x\":49.12677574701026,\"y\":33.23347075911593},{\"x\":49.12677574701026,\"y\":33.6466938996118},{\"x\":49.12677574701026,\"y\":33.6466938996118},{\"x\":49.12677574701026,\"y\":33.6466938996118},{\"x\":49.12677574701026,\"y\":33.6466938996118},{\"x\":49.12677574701026,\"y\":33.6466938996118}]}' WHERE id = 12
Result: SUCCESS

2026-02-01 21:27:11
Lot ID: 12
Coords: {\"type\":\"polygon\",\"points\":[{\"x\":33.60602052087393,\"y\":29.772312741027722},{\"x\":35.242146142647115,\"y\":29.59016337855049},{\"x\":35.242146142647115,\"y\":33.77959871552681},{\"x\":33.687826801962586,\"y\":33.77959871552681},{\"x\":33.60602052087393,\"y\":29.772312741027722},{\"x\":33.687826801962586,\"y\":29.772312741027722},{\"x\":33.687826801962586,\"y\":29.772312741027722},{\"x\":33.60602052087393,\"y\":29.95446210350495},{\"x\":33.60602052087393,\"y\":29.95446210350495},{\"x\":33.687826801962586,\"y\":29.95446210350495},{\"x\":33.687826801962586,\"y\":29.772312741027722},{\"x\":33.687826801962586,\"y\":29.772312741027722},{\"x\":33.687826801962586,\"y\":29.772312741027722},{\"x\":33.687826801962586,\"y\":29.772312741027722},{\"x\":33.687826801962586,\"y\":29.772312741027722}]}
SQL: UPDATE lots SET coordinates = '{\"type\":\"polygon\",\"points\":[{\"x\":33.60602052087393,\"y\":29.772312741027722},{\"x\":35.242146142647115,\"y\":29.59016337855049},{\"x\":35.242146142647115,\"y\":33.77959871552681},{\"x\":33.687826801962586,\"y\":33.77959871552681},{\"x\":33.60602052087393,\"y\":29.772312741027722},{\"x\":33.687826801962586,\"y\":29.772312741027722},{\"x\":33.687826801962586,\"y\":29.772312741027722},{\"x\":33.60602052087393,\"y\":29.95446210350495},{\"x\":33.60602052087393,\"y\":29.95446210350495},{\"x\":33.687826801962586,\"y\":29.95446210350495},{\"x\":33.687826801962586,\"y\":29.772312741027722},{\"x\":33.687826801962586,\"y\":29.772312741027722},{\"x\":33.687826801962586,\"y\":29.772312741027722},{\"x\":33.687826801962586,\"y\":29.772312741027722},{\"x\":33.687826801962586,\"y\":29.772312741027722}]}' WHERE id = 12
Result: SUCCESS

2026-02-01 21:29:07
Lot ID: 12
Coords: {\"type\":\"polygon\",\"points\":[{\"x\":33.687826801962586,\"y\":29.772312741027722},{\"x\":35.242146142647115,\"y\":29.59016337855049},{\"x\":35.32395242373577,\"y\":33.77959871552681},{\"x\":33.76963308305124,\"y\":33.77959871552681},{\"x\":33.687826801962586,\"y\":29.772312741027722},{\"x\":33.687826801962586,\"y\":29.772312741027722},{\"x\":33.687826801962586,\"y\":29.772312741027722},{\"x\":33.687826801962586,\"y\":29.772312741027722},{\"x\":33.687826801962586,\"y\":29.772312741027722}]}
SQL: UPDATE lots SET coordinates = '{\"type\":\"polygon\",\"points\":[{\"x\":33.687826801962586,\"y\":29.772312741027722},{\"x\":35.242146142647115,\"y\":29.59016337855049},{\"x\":35.32395242373577,\"y\":33.77959871552681},{\"x\":33.76963308305124,\"y\":33.77959871552681},{\"x\":33.687826801962586,\"y\":29.772312741027722},{\"x\":33.687826801962586,\"y\":29.772312741027722},{\"x\":33.687826801962586,\"y\":29.772312741027722},{\"x\":33.687826801962586,\"y\":29.772312741027722},{\"x\":33.687826801962586,\"y\":29.772312741027722}]}' WHERE id = 12
Result: SUCCESS

2026-02-01 21:31:17
Lot ID: 12
Coords: {\"type\":\"polygon\",\"points\":[{\"x\":33.687826801962586,\"y\":29.772312741027722},{\"x\":35.242146142647115,\"y\":29.59016337855049},{\"x\":35.32395242373577,\"y\":33.77959871552681},{\"x\":33.687826801962586,\"y\":33.77959871552681},{\"x\":33.687826801962586,\"y\":29.772312741027722},{\"x\":33.687826801962586,\"y\":29.772312741027722},{\"x\":33.687826801962586,\"y\":29.772312741027722}]}
SQL: UPDATE lots SET coordinates = '{\"type\":\"polygon\",\"points\":[{\"x\":33.687826801962586,\"y\":29.772312741027722},{\"x\":35.242146142647115,\"y\":29.59016337855049},{\"x\":35.32395242373577,\"y\":33.77959871552681},{\"x\":33.687826801962586,\"y\":33.77959871552681},{\"x\":33.687826801962586,\"y\":29.772312741027722},{\"x\":33.687826801962586,\"y\":29.772312741027722},{\"x\":33.687826801962586,\"y\":29.772312741027722}]}' WHERE id = 12
Result: SUCCESS

2026-02-01 21:32:57
Lot ID: 12
Coords: {\"type\":\"polygon\",\"points\":[{\"x\":33.60602052087393,\"y\":29.59016337855049},{\"x\":35.242146142647115,\"y\":29.59016337855049},{\"x\":35.32395242373577,\"y\":33.96174807800404},{\"x\":33.687826801962586,\"y\":33.96174807800404},{\"x\":33.52421423978528,\"y\":29.59016337855049},{\"x\":33.52421423978528,\"y\":29.59016337855049},{\"x\":33.52421423978528,\"y\":29.59016337855049}]}
SQL: UPDATE lots SET coordinates = '{\"type\":\"polygon\",\"points\":[{\"x\":33.60602052087393,\"y\":29.59016337855049},{\"x\":35.242146142647115,\"y\":29.59016337855049},{\"x\":35.32395242373577,\"y\":33.96174807800404},{\"x\":33.687826801962586,\"y\":33.96174807800404},{\"x\":33.52421423978528,\"y\":29.59016337855049},{\"x\":33.52421423978528,\"y\":29.59016337855049},{\"x\":33.52421423978528,\"y\":29.59016337855049}]}' WHERE id = 12
Result: SUCCESS

